// Jest Snapshot v1, https://goo.gl/fbAQLP

exports[` 1`] = `
<svg
  viewBox="0 0 40 40"
>
  <Component />
</svg>
`;
